// Jest Snapshot v1, https://goo.gl/fbAQLP

exports[`ProductItem should render correctly given the required props 1`] = `
<ProductItemLi>
  <ProductItemButton
    onClick={[Function]}
    type="button"
  >
    <img
      alt="coca cola"
      src="http://vendingmachine.com/coke.png"
      width="46"
    />
    <ProductPrice>
      20
       €
    </ProductPrice>
    <ProductQuantity>
      7 units
    </ProductQuantity>
  </ProductItemButton>
</ProductItemLi>
`;
