// Jest Snapshot v1, https://goo.gl/fbAQLP

exports[`AdminControllers should render correctly given the required props 1`] = `
<Fragment>
  <RefillCoins
    coins={
      Array [
        Object {
          "id": "coin1",
          "name": "2 euros",
          "userQuantity": 2,
          "value": 2,
        },
        Object {
          "id": "coin2",
          "name": "1 euro",
          "userQuantity": 10,
          "value": 1,
        },
      ]
    }
    onRefillCoinsQuantity={[MockFunction]}
  />
  <RefillProductStock
    onRefillProductStock={[MockFunction]}
    products={
      Array [
        Object {
          "currentStock": 10,
          "id": "coke",
          "img": "image/coke.png",
          "name": "coke",
          "price": 1,
        },
        Object {
          "currentStock": 5,
          "id": "sprite",
          "img": "image/sprite.png",
          "name": "sprite",
          "price": 1.25,
        },
      ]
    }
  />
  <ul
    style={
      Object {
        "display": "flex",
      }
    }
  >
    <li
      key="coin1"
    >
      <p>
        2 euros
      </p>
      <p />
    </li>
    <li
      key="coin2"
    >
      <p>
        1 euro
      </p>
      <p />
    </li>
  </ul>
</Fragment>
`;
